error: lifetime may not live long enough
  --> tests/ui/escaping-spiclient-1209-cursor.rs:8:9
   |
7  |       let mut res = Spi::connect(|c| {
   |                                   -- return type of closure is SpiTupleTable<'2>
   |                                   |
   |                                   has type `SpiClient<'1>`
8  | /         c.open_cursor("select 'hello' from generate_series(1, 10000)", None)
9  | |             .fetch(10000)
10 | |             .unwrap()
   | |_____________________^ returning this value requires that `'1` must outlive `'2`

error[E0515]: cannot return value referencing temporary value
  --> tests/ui/escaping-spiclient-1209-cursor.rs:8:9
   |
8  |           c.open_cursor("select 'hello' from generate_series(1, 10000)", None)
   |           ^-------------------------------------------------------------------
   |           |
   |  _________temporary value created here
   | |
9  | |             .fetch(10000)
10 | |             .unwrap()
   | |_____________________^ returns a value referencing data owned by the current function
   |
   = help: use `.collect()` to allocate the iterator

error: lifetime may not live long enough
  --> tests/ui/escaping-spiclient-1209-cursor.rs:15:26
   |
15 |         Spi::connect(|c| c.open_cursor("select 1", None).fetch(1).unwrap());
   |                       -- ^^^^^^^^^^^^^^^^^^^^^^^^^^^^^^^^^^^^^^^^^^^^^^^^^ returning this value requires that `'1` must outlive `'2`
   |                       ||
   |                       |return type of closure is SpiTupleTable<'2>
   |                       has type `SpiClient<'1>`

error[E0515]: cannot return value referencing temporary value
  --> tests/ui/escaping-spiclient-1209-cursor.rs:15:26
   |
15 |         Spi::connect(|c| c.open_cursor("select 1", None).fetch(1).unwrap());
   |                          -------------------------------^^^^^^^^^^^^^^^^^^
   |                          |
   |                          returns a value referencing data owned by the current function
   |                          temporary value created here
   |
   = help: use `.collect()` to allocate the iterator
