error: lifetime may not live long enough
 --> tests/ui/escaping-spiclient-1209-prep-stmt.rs:8:39
  |
8 |     let prepared = { Spi::connect(|c| c.prepare(q, None))? };
  |                                    -- ^^^^^^^^^^^^^^^^^^ returning this value requires that `'1` must outlive `'2`
  |                                    ||
  |                                    |return type of closure is std::result::Result<PreparedStatement<'2>, pgrx::spi::SpiError>
  |                                    has type `SpiClient<'1>`
