error[E0277]: the trait bound `Vec<Option<PgHeapTuple<'static, AllocatedByRust>>>: FromDatum` is not satisfied
  --> tests/todo/busted-exotic-signature.rs:10:5
   |
10 |     #[pg_extern]
   |     ^^^^^^^^^^^^ the trait `FromDatum` is not implemented for `Vec<Option<PgHeapTuple<'static, AllocatedByRust>>>`
   |
   = help: the following other types implement trait `FromDatum`:
             Vec<u8>
             Vec<Option<T>>
             Vec<T>
note: required by a bound in `pg_getarg`
  --> $WORKSPACE/pgrx/src/fcinfo.rs
   |
   | pub unsafe fn pg_getarg<T: FromDatum>(fcinfo: pg_sys::FunctionCallInfo, num: usize) -> Option<T> {
   |                            ^^^^^^^^^ required by this bound in `pg_getarg`
