error[E0425]: cannot find value `DOG_COMPOSITE_TYPE` in this scope
  --> tests/todo/composite-types-broken-on-spi.rs:11:48
   |
11 |         dogs: Option<Vec<pgrx::composite_type!(DOG_COMPOSITE_TYPE)>>,
   |                                                ^^^^^^^^^^^^^^^^^^ not found in this scope

error[E0277]: the trait bound `Vec<Option<pgrx::prelude::PgHeapTuple<'_, pgrx::AllocatedByRust>>>: FromDatum` is not satisfied
  --> tests/todo/composite-types-broken-on-spi.rs:56:5
   |
56 |     #[pg_extern]
   |     ^^^^^^^^^^^^ the trait `FromDatum` is not implemented for `Vec<Option<pgrx::prelude::PgHeapTuple<'_, pgrx::AllocatedByRust>>>`
   |
   = help: the following other types implement trait `FromDatum`:
             Vec<u8>
             Vec<Option<T>>
             Vec<T>
note: required by a bound in `pg_getarg`
  --> $WORKSPACE/pgrx/src/fcinfo.rs
   |
   | pub unsafe fn pg_getarg<T: FromDatum>(fcinfo: pg_sys::FunctionCallInfo, num: usize) -> Option<T> {
   |                            ^^^^^^^^^ required by this bound in `pg_getarg`

error[E0277]: the trait bound `Vec<Option<pgrx::prelude::PgHeapTuple<'_, pgrx::AllocatedByRust>>>: FromDatum` is not satisfied
  --> tests/todo/composite-types-broken-on-spi.rs:73:5
   |
73 |     #[pg_extern]
   |     ^^^^^^^^^^^^ the trait `FromDatum` is not implemented for `Vec<Option<pgrx::prelude::PgHeapTuple<'_, pgrx::AllocatedByRust>>>`
   |
   = help: the following other types implement trait `FromDatum`:
             Vec<u8>
             Vec<Option<T>>
             Vec<T>
note: required by a bound in `pg_getarg`
  --> $WORKSPACE/pgrx/src/fcinfo.rs
   |
   | pub unsafe fn pg_getarg<T: FromDatum>(fcinfo: pg_sys::FunctionCallInfo, num: usize) -> Option<T> {
   |                            ^^^^^^^^^ required by this bound in `pg_getarg`

error[E0277]: the trait bound `Vec<Option<pgrx::prelude::PgHeapTuple<'_, pgrx::AllocatedByRust>>>: FromDatum` is not satisfied
  --> tests/todo/composite-types-broken-on-spi.rs:93:5
   |
93 |     #[pg_extern]
   |     ^^^^^^^^^^^^ the trait `FromDatum` is not implemented for `Vec<Option<pgrx::prelude::PgHeapTuple<'_, pgrx::AllocatedByRust>>>`
   |
   = help: the following other types implement trait `FromDatum`:
             Vec<u8>
             Vec<Option<T>>
             Vec<T>
note: required by a bound in `pg_getarg`
  --> $WORKSPACE/pgrx/src/fcinfo.rs
   |
   | pub unsafe fn pg_getarg<T: FromDatum>(fcinfo: pg_sys::FunctionCallInfo, num: usize) -> Option<T> {
   |                            ^^^^^^^^^ required by this bound in `pg_getarg`

error[E0277]: the trait bound `Array<'_, pgrx::prelude::PgHeapTuple<'_, pgrx::AllocatedByRust>>: IntoIterator` is not satisfied
   --> tests/todo/composite-types-broken-on-spi.rs:123:20
    |
123 |         for dog in dogs {
    |                    ^^^^ the trait `IntoIterator` is not implemented for `Array<'_, pgrx::prelude::PgHeapTuple<'_, pgrx::AllocatedByRust>>`
    |
    = help: the trait `IntoIterator` is implemented for `Array<'_, pgrx::prelude::PgHeapTuple<'_, pgrx::AllocatedByRust>>`

error[E0277]: the trait bound `Array<'_, pgrx::prelude::PgHeapTuple<'_, pgrx::AllocatedByRust>>: IntoIterator` is not satisfied
   --> tests/todo/composite-types-broken-on-spi.rs:143:20
    |
143 |         for dog in dogs {
    |                    ^^^^ the trait `IntoIterator` is not implemented for `Array<'_, pgrx::prelude::PgHeapTuple<'_, pgrx::AllocatedByRust>>`
    |
    = help: the trait `IntoIterator` is implemented for `Array<'_, pgrx::prelude::PgHeapTuple<'_, pgrx::AllocatedByRust>>`

error[E0277]: the trait bound `Array<'_, pgrx::prelude::PgHeapTuple<'_, pgrx::AllocatedByRust>>: IntoIterator` is not satisfied
   --> tests/todo/composite-types-broken-on-spi.rs:160:20
    |
160 |         for dog in dogs {
    |                    ^^^^ the trait `IntoIterator` is not implemented for `Array<'_, pgrx::prelude::PgHeapTuple<'_, pgrx::AllocatedByRust>>`
    |
    = help: the trait `IntoIterator` is implemented for `Array<'_, pgrx::prelude::PgHeapTuple<'_, pgrx::AllocatedByRust>>`
