error[E0433]: failed to resolve: there are too many leading `super` keywords
 --> tests/todo/vec_option_composite_type_nesting_problems.rs:6:5
  |
6 | use super::*;
  |     ^^^^^ there are too many leading `super` keywords

error[E0425]: cannot find value `DOG_COMPOSITE_TYPE` in this scope
 --> tests/todo/vec_option_composite_type_nesting_problems.rs:9:67
  |
9 | fn sum_scritches_for_names(dogs: Option<Vec<pgrx::composite_type!(DOG_COMPOSITE_TYPE)>>) -> i32 {
  |                                                                   ^^^^^^^^^^^^^^^^^^ not found in this scope

error[E0277]: the trait bound `Vec<Option<pgrx::prelude::PgHeapTuple<'_, pgrx::AllocatedByRust>>>: FromDatum` is not satisfied
  --> tests/todo/vec_option_composite_type_nesting_problems.rs:53:1
   |
53 | #[pg_extern]
   | ^^^^^^^^^^^^ the trait `FromDatum` is not implemented for `Vec<Option<pgrx::prelude::PgHeapTuple<'_, pgrx::AllocatedByRust>>>`
   |
   = help: the following other types implement trait `FromDatum`:
             Vec<u8>
             Vec<Option<T>>
             Vec<T>
note: required by a bound in `pg_getarg`
  --> $WORKSPACE/pgrx/src/fcinfo.rs
   |
   | pub unsafe fn pg_getarg<T: FromDatum>(fcinfo: pg_sys::FunctionCallInfo, num: usize) -> Option<T> {
   |                            ^^^^^^^^^ required by this bound in `pg_getarg`

error[E0277]: the trait bound `Vec<Option<pgrx::prelude::PgHeapTuple<'_, pgrx::AllocatedByRust>>>: FromDatum` is not satisfied
  --> tests/todo/vec_option_composite_type_nesting_problems.rs:70:1
   |
70 | #[pg_extern]
   | ^^^^^^^^^^^^ the trait `FromDatum` is not implemented for `Vec<Option<pgrx::prelude::PgHeapTuple<'_, pgrx::AllocatedByRust>>>`
   |
   = help: the following other types implement trait `FromDatum`:
             Vec<u8>
             Vec<Option<T>>
             Vec<T>
note: required by a bound in `pg_getarg`
  --> $WORKSPACE/pgrx/src/fcinfo.rs
   |
   | pub unsafe fn pg_getarg<T: FromDatum>(fcinfo: pg_sys::FunctionCallInfo, num: usize) -> Option<T> {
   |                            ^^^^^^^^^ required by this bound in `pg_getarg`

error[E0277]: the trait bound `Vec<Option<pgrx::prelude::PgHeapTuple<'_, pgrx::AllocatedByRust>>>: FromDatum` is not satisfied
  --> tests/todo/vec_option_composite_type_nesting_problems.rs:87:1
   |
87 | #[pg_extern]
   | ^^^^^^^^^^^^ the trait `FromDatum` is not implemented for `Vec<Option<pgrx::prelude::PgHeapTuple<'_, pgrx::AllocatedByRust>>>`
   |
   = help: the following other types implement trait `FromDatum`:
             Vec<u8>
             Vec<Option<T>>
             Vec<T>
note: required by a bound in `pg_getarg`
  --> $WORKSPACE/pgrx/src/fcinfo.rs
   |
   | pub unsafe fn pg_getarg<T: FromDatum>(fcinfo: pg_sys::FunctionCallInfo, num: usize) -> Option<T> {
   |                            ^^^^^^^^^ required by this bound in `pg_getarg`
